src/App.tsx(2235,1): error TS1005: '}' expected.
